// Jest Snapshot v1, https://goo.gl/fbAQLP

exports[`Search component renders correctly 1`] = `
<div
  className="undefined relative w-full text-center"
>
  <div
    className="pt-40 pb-10 bg-white"
    style={
      Object {
        "backgroundImage": "url(test-file-stub)",
        "backgroundPosition": "center",
        "backgroundRepeat": "no-repeat",
        "backgroundSize": "contain",
        "minHeight": "600px",
        "width": "100%",
      }
    }
  >
    <p
      className="react-reveal text-2xl text-brand-black mb-4 font-bold"
      style={
        Object {
          "opacity": undefined,
        }
      }
    >
      What are you looking for?
    </p>
    <div
      className="react-reveal inline-block focus:outline-none text-gray-600 bg-white shadow p-3 rounded-lg"
      style={
        Object {
          "opacity": undefined,
        }
      }
    >
      <svg
        className="inline-block text-center text-3xl -mt-1"
        fill="none"
        height="1em"
        stroke="currentColor"
        strokeLinecap="round"
        strokeLinejoin="round"
        strokeWidth="2"
        style={
          Object {
            "color": undefined,
          }
        }
        viewBox="0 0 24 24"
        width="1em"
        xmlns="http://www.w3.org/2000/svg"
      >
        <circle
          cx="11"
          cy="11"
          r="8"
        />
        <line
          x1="21"
          x2="16.65"
          y1="21"
          y2="16.65"
        />
      </svg>
      <input
        autoComplete="off"
        className="search__input py-0 pl-4 text-lg focus:outline-none pr-5 text-gray-700"
        id="pageSearch"
        name="search"
        onChange={[Function]}
        onInput={[Function]}
        placeholder="Search title, description, date..."
        style={
          Object {
            "minWidth": "25vw",
          }
        }
        type="text"
      />
    </div>
  </div>
  <div
    className="search__list"
  >
    <div
      className="bg-gray-50 text-gray-700 py-2"
    >
      Type something in the search box ...
    </div>
  </div>
</div>
`;

exports[`Search component return search result without error 1`] = `
<div>
  <div
    class="undefined relative w-full text-center"
  >
    <div
      class="pt-40 pb-10 bg-white"
      style="background-image: url(test-file-stub); background-size: contain; background-position: center; background-repeat: no-repeat; width: 100%; min-height: 600px;"
    >
      <p
        class="react-reveal text-2xl text-brand-black mb-4 font-bold"
      >
        What are you looking for?
      </p>
      <div
        class="react-reveal inline-block focus:outline-none text-gray-600 bg-white shadow p-3 rounded-lg"
      >
        <svg
          class="inline-block text-center text-3xl -mt-1"
          fill="none"
          height="1em"
          stroke="currentColor"
          stroke-linecap="round"
          stroke-linejoin="round"
          stroke-width="2"
          viewBox="0 0 24 24"
          width="1em"
          xmlns="http://www.w3.org/2000/svg"
        >
          <circle
            cx="11"
            cy="11"
            r="8"
          />
          <line
            x1="21"
            x2="16.65"
            y1="21"
            y2="16.65"
          />
        </svg>
        <input
          autocomplete="off"
          class="search__input py-0 pl-4 text-lg focus:outline-none pr-5 text-gray-700"
          id="pageSearch"
          name="search"
          placeholder="Search title, description, date..."
          style="min-width: 25vw;"
          type="text"
        />
      </div>
    </div>
    <div
      class="search__list"
    >
      <div>
        <div
          class="bg-gray-50 text-gray-900 py-2"
        >
          There are 
          2
           items matching your search.
        </div>
        <div
          style="display: flex; flex-wrap: wrap; justify-content: space-evenly; padding-top: 50px; padding-bottom: 100px; max-width: 1400px; margin: auto; color: rgb(0, 0, 0);"
        >
          <a
            href="/docs/07/04/2021/LearningPath-Statistical-Modeling-4"
            rel="noopener noreferrer"
            target="_blank"
          >
            <div
              class="sc-bczRLJ ONCoX"
            >
              <div
                class="sc-gsnTZi guHPUr"
                style="width: 100%; background-image: url(undefined); background-size: cover; background-position: center; border-radius: 10px; min-height: 220px; border: 1px solid rgb(244, 244, 244);"
              />
              <div
                style="margin: 10px auto;"
              >
                <a
                  class="sc-iBkjds fAfJIM"
                  gatsby="true"
                  style="font-size: .68rem; background: lightgray; border-color: lightgray; color: rgb(51, 51, 51); font-weight: 600;"
                  title="Type: docs"
                >
                  DOCS
                </a>
                <p
                  style="font-size: .85rem; margin-top: 10px;"
                >
                  Invalid Date
                </p>
              </div>
              <h1
                style="font-weight: 800; font-size: 1.5rem; margin-bottom: 15px; color: rgb(36, 39, 48);"
              >
                Statistical Testing
              </h1>
              <p
                style="color: rgb(69, 70, 74);"
              >
                Statistical Modeling Part 4 - What is Statistical testing? Why do we need to test? How do we perform tests?
              </p>
            </div>
          </a>
          <a
            href="/visualisation/04/08/2021/Which-Statistical-Test-To-Use-For-Two-Variables"
            rel="noopener noreferrer"
            target="_blank"
          >
            <div
              class="sc-bczRLJ ONCoX"
            >
              <div
                class="sc-gsnTZi guHPUr"
                style="width: 100%; background-image: url(undefined); background-size: cover; background-position: center; border-radius: 10px; min-height: 220px; padding-bottom: 100%; border: 1px solid rgb(244, 244, 244);"
              />
              <div
                style="margin: 10px auto;"
              >
                <a
                  class="sc-iBkjds fAfJIM"
                  gatsby="true"
                  style="font-size: .68rem; background: lightgray; border-color: lightgray; color: rgb(51, 51, 51); font-weight: 600;"
                  title="Type: visualisation"
                >
                  VISUALISATION
                </a>
                <a
                  class="sc-ftvSup jKBtmd"
                  gatsby="true"
                  href="/blog/category/research-innovation-it"
                  style="font-size: .68rem;"
                  title="Category: Research & Innovation IT"
                >
                  Research & Innovation IT
                </a>
                <a
                  class="sc-ftvSup jKBtmd"
                  gatsby="true"
                  href="/blog/tag/statistics"
                  style="font-size: .68rem;"
                  title="Tag: Statistics"
                >
                  Statistics
                </a>
                <a
                  class="sc-ftvSup jKBtmd"
                  gatsby="true"
                  href="/blog/tag/interative"
                  style="font-size: .68rem;"
                  title="Tag: Interative"
                >
                  Interative
                </a>
                <p
                  style="font-size: .85rem; margin-top: 10px;"
                >
                  Invalid Date
                </p>
              </div>
              <h1
                style="font-weight: 800; font-size: 1.5rem; margin-bottom: 15px; color: rgb(36, 39, 48);"
              >
                Which statistical test to use for two variables? ...
              </h1>
              <p
                style="color: rgb(69, 70, 74);"
              >
                An interative tool based on the flow chart made by Jean Russell to help you determine which statistical test to use for two variables. This tool is a part of ...
              </p>
            </div>
          </a>
        </div>
      </div>
    </div>
  </div>
</div>
`;
